{"timestamp": "2026-08-15 19:08:15,945", "level": "INFO", "logger": "dse_scrapers.cli", "message": "Starting scraper", "scraper": "market-cap", "trading_date": "2026-08-12", "run_dir": "D:\\Office\\IDLC Securities\\Projects\\DSE Scrapping - Company Details\\logs\\2026-08-15\\19-08-15"}
{"timestamp": "2026-08-15 19:08:18,490", "level": "INFO", "logger": "dse_scrapers.scrapers.market_cap", "message": "Fetched closing prices", "instruments": 637}
{"timestamp": "2026-08-15 19:08:37,441", "level": "DEBUG", "logger": "dse_scrapers.sources.company_profile", "message": "Company pages fetched", "done": 100, "total": 637}
{"timestamp": "2026-08-15 19:08:43,285", "level": "WARNING", "logger": "dse_scrapers.sources.company_profile", "message": "Company page published no instrument type, refetching", "ticker": "EXIM1STMF", "attempt": 1, "type": "Unknown"}
{"timestamp": "2026-08-15 19:08:44,956", "level": "WARNING", "logger": "dse_scrapers.sources.company_profile", "message": "Company page published no instrument type, refetching", "ticker": "FAMILYTEX", "attempt": 1, "type": "Unknown"}
{"timestamp": "2026-08-15 19:08:48,172", "level": "WARNING", "logger": "dse_scrapers.sources.company_profile", "message": "Company page published no instrument type, refetching", "ticker": "GENEXIL", "attempt": 1, "type": "Unknown"}
{"timestamp": "2026-08-15 19:08:50,257", "level": "WARNING", "logger": "dse_scrapers.sources.company_profile", "message": "Company page published no instrument type, refetching", "ticker": "FEDERALINS", "attempt": 1, "type": "Unknown"}
{"timestamp": "2026-08-15 19:08:50,293", "level": "WARNING", "logger": "dse_scrapers.sources.company_profile", "message": "Company page published no instrument type, refetching", "ticker": "FAMILYTEX", "attempt": 2, "type": "Unknown"}
{"timestamp": "2026-08-15 19:09:01,182", "level": "DEBUG", "logger": "dse_scrapers.sources.company_profile", "message": "Company pages fetched", "done": 200, "total": 637}
{"timestamp": "2026-08-15 19:09:15,451", "level": "DEBUG", "logger": "dse_scrapers.sources.company_profile", "message": "Company pages fetched", "done": 300, "total": 637}
{"timestamp": "2026-08-15 19:09:28,485", "level": "DEBUG", "logger": "dse_scrapers.sources.company_profile", "message": "Company pages fetched", "done": 400, "total": 637}
{"timestamp": "2026-08-15 19:09:35,803", "level": "DEBUG", "logger": "dse_scrapers.sources.company_profile", "message": "Company pages fetched", "done": 500, "total": 637}
{"timestamp": "2026-08-15 19:09:41,487", "level": "DEBUG", "logger": "dse_scrapers.sources.company_profile", "message": "Company pages fetched", "done": 600, "total": 637}
{"timestamp": "2026-08-15 19:09:48,518", "level": "INFO", "logger": "dse_scrapers.scrapers.market_cap", "message": "Filtered to equities and mutual funds", "kept": 395, "excluded_as_debt": 242, "excluded_unclassified": 0}
{"timestamp": "2026-08-15 19:09:48,519", "level": "WARNING", "logger": "dse_scrapers.scrapers.market_cap", "message": "Annualized EPS based on a filing over 15 months old", "count": 62, "oldest": [["1JANATAMF", "2025-03-31"], ["AAMRANET", "2025-03-31"], ["ABB1STMF", "2025-03-31"], ["ACTIVEFINE", "2023-03-31"], ["AFCAGRO", "2023-03-31"], ["AIBL1STIMF", "2023-12-31"], ["AIL", "2025-03-31"], ["ALIF", "2025-03-31"], ["AOL", "2023-06-30"], ["APOLOISPAT", "2023-06-30"], ["ARAMITCEM", "2025-03-31"], ["BDWELDING", "2019-06-30"], ["BEACHHATCH", "2025-03-31"], ["BESTHLDNG", "2025-03-31"], ["BEXIMCO", "2024-12-31"]]}
{"timestamp": "2026-08-15 19:09:48,995", "level": "DEBUG", "logger": "dse_scrapers.sources.dse_index", "message": "DSEX constituents", "count": 319}
{"timestamp": "2026-08-15 19:09:48,997", "level": "INFO", "logger": "dse_scrapers.scrapers.market_cap", "message": "DSEX weighting base", "constituents_priced": 319, "constituents_listed": 319, "dsex_mcap_mn": 3564089.14}
{"timestamp": "2026-08-15 19:09:49,427", "level": "DEBUG", "logger": "dse_scrapers.sources.pe_ratios", "message": "Fetched P/E table", "rows": 419}
{"timestamp": "2026-08-15 19:09:49,471", "level": "INFO", "logger": "dse_scrapers.scrapers.market_cap", "message": "Annualized EPS agrees with DSE's P/E 1", "compared": 243, "within_tolerance": 243, "worst_divergence_pct": 0.251}
{"timestamp": "2026-08-15 19:09:49,472", "level": "INFO", "logger": "dse_scrapers.scrapers.market_cap", "message": "Valuation columns", "ltm_eps": 213, "annualized_eps": 381, "p_nav": 354, "dividend_yield": 357, "rows": 395}
{"timestamp": "2026-08-15 19:09:49,749", "level": "DEBUG", "logger": "dse_scrapers.scrapers.market_cap", "message": "Wrote workbook", "path": "D:\\Office\\IDLC Securities\\Projects\\DSE Scrapping - Company Details\\logs\\2026-08-15\\19-08-15\\DSE Market Cap_2026-08-12.xlsx", "rows": 396}
{"timestamp": "2026-08-15 19:09:49,752", "level": "INFO", "logger": "dse_scrapers.cli", "message": "Finished", "scraper": "market-cap", "rows": 396, "workbook": "D:\\Office\\IDLC Securities\\Projects\\DSE Scrapping - Company Details\\logs\\2026-08-15\\19-08-15\\DSE Market Cap_2026-08-12.xlsx", "extra_files": [], "published": ["D:\\Office\\IDLC Securities\\Projects\\DSE Scrapping - Company Details\\outputs\\market-cap\\DSE Market Cap.xlsx"]}
